// Jest Snapshot v1, https://goo.gl/fbAQLP

exports[`Dropdown renders correctly 1`] = `
<div
  className="sc-bdVaJa LDTEX"
>
  <select
    className="sc-bwzfXH hJRDcZ"
    name="dropdown"
    onChange={[Function]}
  >
    <option
      value={1}
    >
      1
    </option>
    <option
      value={2}
    >
      2
    </option>
    <option
      value={3}
    >
      3
    </option>
  </select>
</div>
`;
