// Jest Snapshot v1, https://goo.gl/fbAQLP

exports[`App renders correctly 1`] = `
<div
  className="sc-bdVaJa eGJdiE"
>
  <h1>
    CryptoCalc
  </h1>
</div>
`;
